{
  "version": "1.5.0",
  "plugins_used": [
    {
      "name": "ArtifactoryDetector"
    },
    {
      "name": "AWSKeyDetector"
    },
    {
      "name": "AzureStorageKeyDetector"
    },
    {
      "name": "Base64HighEntropyString",
      "limit": 4.5
    },
    {
      "name": "BasicAuthDetector"
    },
    {
      "name": "CloudantDetector"
    },
    {
      "name": "DiscordBotTokenDetector"
    },
    {
      "name": "GitHubTokenDetector"
    },
    {
      "name": "GitLabTokenDetector"
    },
    {
      "name": "HexHighEntropyString",
      "limit": 3.0
    },
    {
      "name": "IbmCloudIamDetector"
    },
    {
      "name": "IbmCosHmacDetector"
    },
    {
      "name": "IPPublicDetector"
    },
    {
      "name": "JwtTokenDetector"
    },
    {
      "name": "KeywordDetector",
      "keyword_exclude": ""
    },
    {
      "name": "MailchimpDetector"
    },
    {
      "name": "NpmDetector"
    },
    {
      "name": "OpenAIDetector"
    },
    {
      "name": "PrivateKeyDetector"
    },
    {
      "name": "PypiTokenDetector"
    },
    {
      "name": "SendGridDetector"
    },
    {
      "name": "SlackDetector"
    },
    {
      "name": "SoftlayerDetector"
    },
    {
      "name": "SquareOAuthDetector"
    },
    {
      "name": "StripeDetector"
    },
    {
      "name": "TelegramBotTokenDetector"
    },
    {
      "name": "TwilioKeyDetector"
    }
  ],
  "filters_used": [
    {
      "path": "detect_secrets.filters.allowlist.is_line_allowlisted"
    },
    {
      "path": "detect_secrets.filters.common.is_baseline_file",
      "filename": ".secrets.baseline"
    },
    {
      "path": "detect_secrets.filters.common.is_ignored_due_to_verification_policies",
      "min_level": 2
    },
    {
      "path": "detect_secrets.filters.heuristic.is_indirect_reference"
    },
    {
      "path": "detect_secrets.filters.heuristic.is_likely_id_string"
    },
    {
      "path": "detect_secrets.filters.heuristic.is_lock_file"
    },
    {
      "path": "detect_secrets.filters.heuristic.is_not_alphanumeric_string"
    },
    {
      "path": "detect_secrets.filters.heuristic.is_potential_uuid"
    },
    {
      "path": "detect_secrets.filters.heuristic.is_prefixed_with_dollar_sign"
    },
    {
      "path": "detect_secrets.filters.heuristic.is_sequential_string"
    },
    {
      "path": "detect_secrets.filters.heuristic.is_swagger_file"
    },
    {
      "path": "detect_secrets.filters.heuristic.is_templated_secret"
    }
  ],
  "results": {
    "gitleaks-report.json": [
      {
        "type": "Hex High Entropy String",
        "filename": "gitleaks-report.json",
        "hashed_secret": "464920c5280153fd969a87a6a45508913e71e739",
        "is_verified": false,
        "line_number": 10
      },
      {
        "type": "Secret Keyword",
        "filename": "gitleaks-report.json",
        "hashed_secret": "464920c5280153fd969a87a6a45508913e71e739",
        "is_verified": false,
        "line_number": 10
      },
      {
        "type": "Hex High Entropy String",
        "filename": "gitleaks-report.json",
        "hashed_secret": "5a59bf37d9997ecfcd3e153c4bbb4067ac6ad8d1",
        "is_verified": false,
        "line_number": 13
      },
      {
        "type": "Hex High Entropy String",
        "filename": "gitleaks-report.json",
        "hashed_secret": "8c509895d95cdd80baf33701945b30c43074ea3b",
        "is_verified": false,
        "line_number": 31
      },
      {
        "type": "Secret Keyword",
        "filename": "gitleaks-report.json",
        "hashed_secret": "8c509895d95cdd80baf33701945b30c43074ea3b",
        "is_verified": false,
        "line_number": 31
      },
      {
        "type": "Hex High Entropy String",
        "filename": "gitleaks-report.json",
        "hashed_secret": "ff0d557907d35d21dcaebaca778c78790e7ba436",
        "is_verified": false,
        "line_number": 52
      },
      {
        "type": "Secret Keyword",
        "filename": "gitleaks-report.json",
        "hashed_secret": "ff0d557907d35d21dcaebaca778c78790e7ba436",
        "is_verified": false,
        "line_number": 52
      },
      {
        "type": "Hex High Entropy String",
        "filename": "gitleaks-report.json",
        "hashed_secret": "00abe5d2779f4b12245580f157d21a948868bb54",
        "is_verified": false,
        "line_number": 73
      },
      {
        "type": "Secret Keyword",
        "filename": "gitleaks-report.json",
        "hashed_secret": "00abe5d2779f4b12245580f157d21a948868bb54",
        "is_verified": false,
        "line_number": 73
      },
      {
        "type": "Hex High Entropy String",
        "filename": "gitleaks-report.json",
        "hashed_secret": "fff73e89390f6124d51a719b53b7fc0172c6d6ee",
        "is_verified": false,
        "line_number": 94
      },
      {
        "type": "Secret Keyword",
        "filename": "gitleaks-report.json",
        "hashed_secret": "fff73e89390f6124d51a719b53b7fc0172c6d6ee",
        "is_verified": false,
        "line_number": 94
      },
      {
        "type": "Hex High Entropy String",
        "filename": "gitleaks-report.json",
        "hashed_secret": "005b075e34787754ec339fe136ab16f8d7388b20",
        "is_verified": false,
        "line_number": 115
      },
      {
        "type": "Secret Keyword",
        "filename": "gitleaks-report.json",
        "hashed_secret": "005b075e34787754ec339fe136ab16f8d7388b20",
        "is_verified": false,
        "line_number": 115
      },
      {
        "type": "Hex High Entropy String",
        "filename": "gitleaks-report.json",
        "hashed_secret": "526dab68cba715c6645f980df8f34a028b42a287",
        "is_verified": false,
        "line_number": 136
      },
      {
        "type": "Secret Keyword",
        "filename": "gitleaks-report.json",
        "hashed_secret": "526dab68cba715c6645f980df8f34a028b42a287",
        "is_verified": false,
        "line_number": 136
      },
      {
        "type": "Hex High Entropy String",
        "filename": "gitleaks-report.json",
        "hashed_secret": "525a3e979bd94b3ff5eafacca273832449b50873",
        "is_verified": false,
        "line_number": 157
      },
      {
        "type": "Secret Keyword",
        "filename": "gitleaks-report.json",
        "hashed_secret": "525a3e979bd94b3ff5eafacca273832449b50873",
        "is_verified": false,
        "line_number": 157
      },
      {
        "type": "Hex High Entropy String",
        "filename": "gitleaks-report.json",
        "hashed_secret": "c70306722f1296f48aedba181f17ce6275c6672e",
        "is_verified": false,
        "line_number": 178
      },
      {
        "type": "Secret Keyword",
        "filename": "gitleaks-report.json",
        "hashed_secret": "c70306722f1296f48aedba181f17ce6275c6672e",
        "is_verified": false,
        "line_number": 178
      },
      {
        "type": "Hex High Entropy String",
        "filename": "gitleaks-report.json",
        "hashed_secret": "60314727dabebe465bbed1b951cfab922b13d6e9",
        "is_verified": false,
        "line_number": 199
      },
      {
        "type": "Secret Keyword",
        "filename": "gitleaks-report.json",
        "hashed_secret": "60314727dabebe465bbed1b951cfab922b13d6e9",
        "is_verified": false,
        "line_number": 199
      },
      {
        "type": "Hex High Entropy String",
        "filename": "gitleaks-report.json",
        "hashed_secret": "1ad42f5d17774485106aa7d6f0b713901baa7125",
        "is_verified": false,
        "line_number": 220
      },
      {
        "type": "Secret Keyword",
        "filename": "gitleaks-report.json",
        "hashed_secret": "1ad42f5d17774485106aa7d6f0b713901baa7125",
        "is_verified": false,
        "line_number": 220
      },
      {
        "type": "Hex High Entropy String",
        "filename": "gitleaks-report.json",
        "hashed_secret": "663d9903b855fc11e09efef16b6477922659f1f1",
        "is_verified": false,
        "line_number": 241
      },
      {
        "type": "Secret Keyword",
        "filename": "gitleaks-report.json",
        "hashed_secret": "663d9903b855fc11e09efef16b6477922659f1f1",
        "is_verified": false,
        "line_number": 241
      }
    ],
    "lang/en.php": [
      {
        "type": "Secret Keyword",
        "filename": "lang/en.php",
        "hashed_secret": "be81ab98cb9ccf753975f50fa70cd32581a821fc",
        "is_verified": false,
        "line_number": 165
      },
      {
        "type": "Secret Keyword",
        "filename": "lang/en.php",
        "hashed_secret": "47a760409b605b211999f45a030ef4a01f1e8bdd",
        "is_verified": false,
        "line_number": 173
      },
      {
        "type": "Secret Keyword",
        "filename": "lang/en.php",
        "hashed_secret": "53530bf144b9cbbb63375310e33404b6cf00d211",
        "is_verified": false,
        "line_number": 191
      },
      {
        "type": "Secret Keyword",
        "filename": "lang/en.php",
        "hashed_secret": "5d4f7c180d9e57f102a73e33d382c75c03c2e430",
        "is_verified": false,
        "line_number": 203
      },
      {
        "type": "Secret Keyword",
        "filename": "lang/en.php",
        "hashed_secret": "238fa96b6683d3d83f21cb2d1b47fa60b68f628b",
        "is_verified": false,
        "line_number": 205
      },
      {
        "type": "Secret Keyword",
        "filename": "lang/en.php",
        "hashed_secret": "0c0dd0e1a9bba903e7e0ecdb0ee8d5300a400f60",
        "is_verified": false,
        "line_number": 222
      },
      {
        "type": "Secret Keyword",
        "filename": "lang/en.php",
        "hashed_secret": "6170b108ed85cb5f50b7ad7fee0692be6121d4ae",
        "is_verified": false,
        "line_number": 231
      },
      {
        "type": "Secret Keyword",
        "filename": "lang/en.php",
        "hashed_secret": "2409c9a982f0867baa452185fe5f76ccc48d117b",
        "is_verified": false,
        "line_number": 234
      },
      {
        "type": "Secret Keyword",
        "filename": "lang/en.php",
        "hashed_secret": "e9808792d011ba943f46dacdd6442bd0bd704398",
        "is_verified": false,
        "line_number": 239
      }
    ],
    "lang/es.php": [
      {
        "type": "Secret Keyword",
        "filename": "lang/es.php",
        "hashed_secret": "0973a0387afbe4823300f3024211f500e6604a89",
        "is_verified": false,
        "line_number": 101
      },
      {
        "type": "Secret Keyword",
        "filename": "lang/es.php",
        "hashed_secret": "6dfc197e19bc91e9ea1e713af1afa590bcb91529",
        "is_verified": false,
        "line_number": 109
      },
      {
        "type": "Secret Keyword",
        "filename": "lang/es.php",
        "hashed_secret": "5d94b13cd88609bf135a494cce248b808b166371",
        "is_verified": false,
        "line_number": 127
      },
      {
        "type": "Secret Keyword",
        "filename": "lang/es.php",
        "hashed_secret": "0af4040d3c39d23d236d1358731b1f70e0e06eea",
        "is_verified": false,
        "line_number": 139
      },
      {
        "type": "Secret Keyword",
        "filename": "lang/es.php",
        "hashed_secret": "9b73fea52f58c70ba9dbbdae160da8ff939f5a7a",
        "is_verified": false,
        "line_number": 141
      },
      {
        "type": "Secret Keyword",
        "filename": "lang/es.php",
        "hashed_secret": "4076090402a1b025c7fae27728bae6e39b440f04",
        "is_verified": false,
        "line_number": 155
      }
    ],
    "lang/pt-br.php": [
      {
        "type": "Secret Keyword",
        "filename": "lang/pt-br.php",
        "hashed_secret": "9da46b4e78b3bb5e1afea16678706111ee4015a4",
        "is_verified": false,
        "line_number": 168
      },
      {
        "type": "Secret Keyword",
        "filename": "lang/pt-br.php",
        "hashed_secret": "6c94100672775b29f9948a2b771c669f90961085",
        "is_verified": false,
        "line_number": 176
      },
      {
        "type": "Secret Keyword",
        "filename": "lang/pt-br.php",
        "hashed_secret": "70bc9f3c4a2a5c496672d1b2b711e9b20cbe3618",
        "is_verified": false,
        "line_number": 194
      },
      {
        "type": "Secret Keyword",
        "filename": "lang/pt-br.php",
        "hashed_secret": "6f1226ab0e9271f14f209eaeb46775527b604261",
        "is_verified": false,
        "line_number": 206
      },
      {
        "type": "Secret Keyword",
        "filename": "lang/pt-br.php",
        "hashed_secret": "a8cb52af83f97e37b3ae380d41ff190e6606c8b0",
        "is_verified": false,
        "line_number": 208
      },
      {
        "type": "Secret Keyword",
        "filename": "lang/pt-br.php",
        "hashed_secret": "63c00e7a5f1b53539339162588f5e2d49c1cb658",
        "is_verified": false,
        "line_number": 222
      },
      {
        "type": "Secret Keyword",
        "filename": "lang/pt-br.php",
        "hashed_secret": "03a9afa4b4bf5504007d984d48705d266c553017",
        "is_verified": false,
        "line_number": 230
      },
      {
        "type": "Secret Keyword",
        "filename": "lang/pt-br.php",
        "hashed_secret": "2150ce8ef99fc8f1dfb17c0bcc7a897b9c3da1e3",
        "is_verified": false,
        "line_number": 233
      },
      {
        "type": "Secret Keyword",
        "filename": "lang/pt-br.php",
        "hashed_secret": "db0bb2e04d8da89f44e1f3c4f6453f46a28bc0db",
        "is_verified": false,
        "line_number": 238
      }
    ]
  },
  "generated_at": "2026-03-26T12:26:35Z"
}
