{
  "version": "1.5.0",
  "plugins_used": [
    {
      "name": "ArtifactoryDetector"
    },
    {
      "name": "AWSKeyDetector"
    },
    {
      "name": "AzureStorageKeyDetector"
    },
    {
      "name": "Base64HighEntropyString",
      "limit": 4.5
    },
    {
      "name": "BasicAuthDetector"
    },
    {
      "name": "CloudantDetector"
    },
    {
      "name": "DiscordBotTokenDetector"
    },
    {
      "name": "GitHubTokenDetector"
    },
    {
      "name": "GitLabTokenDetector"
    },
    {
      "name": "HexHighEntropyString",
      "limit": 3.0
    },
    {
      "name": "IbmCloudIamDetector"
    },
    {
      "name": "IbmCosHmacDetector"
    },
    {
      "name": "IPPublicDetector"
    },
    {
      "name": "JwtTokenDetector"
    },
    {
      "name": "KeywordDetector",
      "keyword_exclude": ""
    },
    {
      "name": "MailchimpDetector"
    },
    {
      "name": "NpmDetector"
    },
    {
      "name": "OpenAIDetector"
    },
    {
      "name": "PrivateKeyDetector"
    },
    {
      "name": "PypiTokenDetector"
    },
    {
      "name": "SendGridDetector"
    },
    {
      "name": "SlackDetector"
    },
    {
      "name": "SoftlayerDetector"
    },
    {
      "name": "SquareOAuthDetector"
    },
    {
      "name": "StripeDetector"
    },
    {
      "name": "TelegramBotTokenDetector"
    },
    {
      "name": "TwilioKeyDetector"
    }
  ],
  "filters_used": [
    {
      "path": "detect_secrets.filters.allowlist.is_line_allowlisted"
    },
    {
      "path": "detect_secrets.filters.common.is_ignored_due_to_verification_policies",
      "min_level": 2
    },
    {
      "path": "detect_secrets.filters.heuristic.is_indirect_reference"
    },
    {
      "path": "detect_secrets.filters.heuristic.is_likely_id_string"
    },
    {
      "path": "detect_secrets.filters.heuristic.is_lock_file"
    },
    {
      "path": "detect_secrets.filters.heuristic.is_not_alphanumeric_string"
    },
    {
      "path": "detect_secrets.filters.heuristic.is_potential_uuid"
    },
    {
      "path": "detect_secrets.filters.heuristic.is_prefixed_with_dollar_sign"
    },
    {
      "path": "detect_secrets.filters.heuristic.is_sequential_string"
    },
    {
      "path": "detect_secrets.filters.heuristic.is_swagger_file"
    },
    {
      "path": "detect_secrets.filters.heuristic.is_templated_secret"
    }
  ],
  "results": {
    "lang/en.php": [
      {
        "type": "Secret Keyword",
        "filename": "lang/en.php",
        "hashed_secret": "be81ab98cb9ccf753975f50fa70cd32581a821fc",
        "is_verified": false,
        "line_number": 165
      },
      {
        "type": "Secret Keyword",
        "filename": "lang/en.php",
        "hashed_secret": "47a760409b605b211999f45a030ef4a01f1e8bdd",
        "is_verified": false,
        "line_number": 173
      },
      {
        "type": "Secret Keyword",
        "filename": "lang/en.php",
        "hashed_secret": "53530bf144b9cbbb63375310e33404b6cf00d211",
        "is_verified": false,
        "line_number": 191
      },
      {
        "type": "Secret Keyword",
        "filename": "lang/en.php",
        "hashed_secret": "5d4f7c180d9e57f102a73e33d382c75c03c2e430",
        "is_verified": false,
        "line_number": 203
      },
      {
        "type": "Secret Keyword",
        "filename": "lang/en.php",
        "hashed_secret": "238fa96b6683d3d83f21cb2d1b47fa60b68f628b",
        "is_verified": false,
        "line_number": 205
      },
      {
        "type": "Secret Keyword",
        "filename": "lang/en.php",
        "hashed_secret": "0c0dd0e1a9bba903e7e0ecdb0ee8d5300a400f60",
        "is_verified": false,
        "line_number": 222
      },
      {
        "type": "Secret Keyword",
        "filename": "lang/en.php",
        "hashed_secret": "6170b108ed85cb5f50b7ad7fee0692be6121d4ae",
        "is_verified": false,
        "line_number": 231
      },
      {
        "type": "Secret Keyword",
        "filename": "lang/en.php",
        "hashed_secret": "2409c9a982f0867baa452185fe5f76ccc48d117b",
        "is_verified": false,
        "line_number": 234
      },
      {
        "type": "Secret Keyword",
        "filename": "lang/en.php",
        "hashed_secret": "e9808792d011ba943f46dacdd6442bd0bd704398",
        "is_verified": false,
        "line_number": 239
      }
    ],
    "lang/es.php": [
      {
        "type": "Secret Keyword",
        "filename": "lang/es.php",
        "hashed_secret": "0973a0387afbe4823300f3024211f500e6604a89",
        "is_verified": false,
        "line_number": 101
      },
      {
        "type": "Secret Keyword",
        "filename": "lang/es.php",
        "hashed_secret": "6dfc197e19bc91e9ea1e713af1afa590bcb91529",
        "is_verified": false,
        "line_number": 109
      },
      {
        "type": "Secret Keyword",
        "filename": "lang/es.php",
        "hashed_secret": "5d94b13cd88609bf135a494cce248b808b166371",
        "is_verified": false,
        "line_number": 127
      },
      {
        "type": "Secret Keyword",
        "filename": "lang/es.php",
        "hashed_secret": "0af4040d3c39d23d236d1358731b1f70e0e06eea",
        "is_verified": false,
        "line_number": 139
      },
      {
        "type": "Secret Keyword",
        "filename": "lang/es.php",
        "hashed_secret": "9b73fea52f58c70ba9dbbdae160da8ff939f5a7a",
        "is_verified": false,
        "line_number": 141
      },
      {
        "type": "Secret Keyword",
        "filename": "lang/es.php",
        "hashed_secret": "4076090402a1b025c7fae27728bae6e39b440f04",
        "is_verified": false,
        "line_number": 155
      }
    ]
  },
  "generated_at": "2026-03-26T03:18:21Z"
}
